This is pdfTeX, Version 3.14159265-2.6-1.40.18 (MiKTeX 2.9.6300 64-bit) (preloaded format=pdflatex 2017.11.5)  18 DEC 2017 23:29
entering extended mode
**./MainFile.tex
(MainFile.tex
LaTeX2e <2017-04-15>
Babel <3.9t> and hyphenation patterns for 75 language(s) loaded.
\@input{header.aux}
\openout2 = `header.aux'.

(header.tex ("C:\Program Files\MiKTeX 2.9\tex\latex\base\report.cls"
Document Class: report 2014/09/29 v1.4h Standard LaTeX document class
("C:\Program Files\MiKTeX 2.9\tex\latex\base\size12.clo"
File: size12.clo 2014/09/29 v1.4h Standard LaTeX file (size option)
)
\c@part=\count79
\c@chapter=\count80
\c@section=\count81
\c@subsection=\count82
\c@subsubsection=\count83
\c@paragraph=\count84
\c@subparagraph=\count85
\c@figure=\count86
\c@table=\count87
\abovecaptionskip=\skip41
\belowcaptionskip=\skip42
\bibindent=\dimen102
)
("C:\Program Files\MiKTeX 2.9\tex\latex\geometry\geometry.sty"
Package: geometry 2010/09/12 v5.6 Page Geometry

("C:\Program Files\MiKTeX 2.9\tex\latex\graphics\keyval.sty"
Package: keyval 2014/10/28 v1.15 key=value parser (DPC)
\KV@toks@=\toks14
)
("C:\Program Files\MiKTeX 2.9\tex\generic\oberdiek\ifpdf.sty"
Package: ifpdf 2017/03/15 v3.2 Provides the ifpdf switch
)
("C:\Program Files\MiKTeX 2.9\tex\generic\oberdiek\ifvtex.sty"
Package: ifvtex 2016/05/16 v1.6 Detect VTeX and its facilities (HO)
Package ifvtex Info: VTeX not detected.
)
("C:\Program Files\MiKTeX 2.9\tex\generic\ifxetex\ifxetex.sty"
Package: ifxetex 2010/09/12 v0.6 Provides ifxetex conditional
)
\Gm@cnth=\count88
\Gm@cntv=\count89
\c@Gm@tempcnt=\count90
\Gm@bindingoffset=\dimen103
\Gm@wd@mp=\dimen104
\Gm@odd@mp=\dimen105
\Gm@even@mp=\dimen106
\Gm@layoutwidth=\dimen107
\Gm@layoutheight=\dimen108
\Gm@layouthoffset=\dimen109
\Gm@layoutvoffset=\dimen110
\Gm@dimlist=\toks15

("C:\Program Files\MiKTeX 2.9\tex\latex\geometry\geometry.cfg"))
("C:\Program Files\MiKTeX 2.9\tex\latex\base\inputenc.sty"
Package: inputenc 2015/03/17 v1.2c Input encoding file
\inpenc@prehook=\toks16
\inpenc@posthook=\toks17

("C:\Program Files\MiKTeX 2.9\tex\latex\base\utf8.def"
File: utf8.def 2017/01/28 v1.1t UTF-8 support for inputenc
Now handling font encoding OML ...
... no UTF-8 mapping file for font encoding OML
Now handling font encoding T1 ...
... processing UTF-8 mapping file for font encoding T1

("C:\Program Files\MiKTeX 2.9\tex\latex\base\t1enc.dfu"
File: t1enc.dfu 2017/01/28 v1.1t UTF-8 support for inputenc
   defining Unicode char U+00A0 (decimal 160)
   defining Unicode char U+00A1 (decimal 161)
   defining Unicode char U+00A3 (decimal 163)
   defining Unicode char U+00AB (decimal 171)
   defining Unicode char U+00AD (decimal 173)
   defining Unicode char U+00BB (decimal 187)
   defining Unicode char U+00BF (decimal 191)
   defining Unicode char U+00C0 (decimal 192)
   defining Unicode char U+00C1 (decimal 193)
   defining Unicode char U+00C2 (decimal 194)
   defining Unicode char U+00C3 (decimal 195)
   defining Unicode char U+00C4 (decimal 196)
   defining Unicode char U+00C5 (decimal 197)
   defining Unicode char U+00C6 (decimal 198)
   defining Unicode char U+00C7 (decimal 199)
   defining Unicode char U+00C8 (decimal 200)
   defining Unicode char U+00C9 (decimal 201)
   defining Unicode char U+00CA (decimal 202)
   defining Unicode char U+00CB (decimal 203)
   defining Unicode char U+00CC (decimal 204)
   defining Unicode char U+00CD (decimal 205)
   defining Unicode char U+00CE (decimal 206)
   defining Unicode char U+00CF (decimal 207)
   defining Unicode char U+00D0 (decimal 208)
   defining Unicode char U+00D1 (decimal 209)
   defining Unicode char U+00D2 (decimal 210)
   defining Unicode char U+00D3 (decimal 211)
   defining Unicode char U+00D4 (decimal 212)
   defining Unicode char U+00D5 (decimal 213)
   defining Unicode char U+00D6 (decimal 214)
   defining Unicode char U+00D8 (decimal 216)
   defining Unicode char U+00D9 (decimal 217)
   defining Unicode char U+00DA (decimal 218)
   defining Unicode char U+00DB (decimal 219)
   defining Unicode char U+00DC (decimal 220)
   defining Unicode char U+00DD (decimal 221)
   defining Unicode char U+00DE (decimal 222)
   defining Unicode char U+00DF (decimal 223)
   defining Unicode char U+00E0 (decimal 224)
   defining Unicode char U+00E1 (decimal 225)
   defining Unicode char U+00E2 (decimal 226)
   defining Unicode char U+00E3 (decimal 227)
   defining Unicode char U+00E4 (decimal 228)
   defining Unicode char U+00E5 (decimal 229)
   defining Unicode char U+00E6 (decimal 230)
   defining Unicode char U+00E7 (decimal 231)
   defining Unicode char U+00E8 (decimal 232)
   defining Unicode char U+00E9 (decimal 233)
   defining Unicode char U+00EA (decimal 234)
   defining Unicode char U+00EB (decimal 235)
   defining Unicode char U+00EC (decimal 236)
   defining Unicode char U+00ED (decimal 237)
   defining Unicode char U+00EE (decimal 238)
   defining Unicode char U+00EF (decimal 239)
   defining Unicode char U+00F0 (decimal 240)
   defining Unicode char U+00F1 (decimal 241)
   defining Unicode char U+00F2 (decimal 242)
   defining Unicode char U+00F3 (decimal 243)
   defining Unicode char U+00F4 (decimal 244)
   defining Unicode char U+00F5 (decimal 245)
   defining Unicode char U+00F6 (decimal 246)
   defining Unicode char U+00F8 (decimal 248)
   defining Unicode char U+00F9 (decimal 249)
   defining Unicode char U+00FA (decimal 250)
   defining Unicode char U+00FB (decimal 251)
   defining Unicode char U+00FC (decimal 252)
   defining Unicode char U+00FD (decimal 253)
   defining Unicode char U+00FE (decimal 254)
   defining Unicode char U+00FF (decimal 255)
   defining Unicode char U+0100 (decimal 256)
   defining Unicode char U+0101 (decimal 257)
   defining Unicode char U+0102 (decimal 258)
   defining Unicode char U+0103 (decimal 259)
   defining Unicode char U+0104 (decimal 260)
   defining Unicode char U+0105 (decimal 261)
   defining Unicode char U+0106 (decimal 262)
   defining Unicode char U+0107 (decimal 263)
   defining Unicode char U+0108 (decimal 264)
   defining Unicode char U+0109 (decimal 265)
   defining Unicode char U+010A (decimal 266)
   defining Unicode char U+010B (decimal 267)
   defining Unicode char U+010C (decimal 268)
   defining Unicode char U+010D (decimal 269)
   defining Unicode char U+010E (decimal 270)
   defining Unicode char U+010F (decimal 271)
   defining Unicode char U+0110 (decimal 272)
   defining Unicode char U+0111 (decimal 273)
   defining Unicode char U+0112 (decimal 274)
   defining Unicode char U+0113 (decimal 275)
   defining Unicode char U+0114 (decimal 276)
   defining Unicode char U+0115 (decimal 277)
   defining Unicode char U+0116 (decimal 278)
   defining Unicode char U+0117 (decimal 279)
   defining Unicode char U+0118 (decimal 280)
   defining Unicode char U+0119 (decimal 281)
   defining Unicode char U+011A (decimal 282)
   defining Unicode char U+011B (decimal 283)
   defining Unicode char U+011C (decimal 284)
   defining Unicode char U+011D (decimal 285)
   defining Unicode char U+011E (decimal 286)
   defining Unicode char U+011F (decimal 287)
   defining Unicode char U+0120 (decimal 288)
   defining Unicode char U+0121 (decimal 289)
   defining Unicode char U+0122 (decimal 290)
   defining Unicode char U+0123 (decimal 291)
   defining Unicode char U+0124 (decimal 292)
   defining Unicode char U+0125 (decimal 293)
   defining Unicode char U+0128 (decimal 296)
   defining Unicode char U+0129 (decimal 297)
   defining Unicode char U+012A (decimal 298)
   defining Unicode char U+012B (decimal 299)
   defining Unicode char U+012C (decimal 300)
   defining Unicode char U+012D (decimal 301)
   defining Unicode char U+012E (decimal 302)
   defining Unicode char U+012F (decimal 303)
   defining Unicode char U+0130 (decimal 304)
   defining Unicode char U+0131 (decimal 305)
   defining Unicode char U+0132 (decimal 306)
   defining Unicode char U+0133 (decimal 307)
   defining Unicode char U+0134 (decimal 308)
   defining Unicode char U+0135 (decimal 309)
   defining Unicode char U+0136 (decimal 310)
   defining Unicode char U+0137 (decimal 311)
   defining Unicode char U+0139 (decimal 313)
   defining Unicode char U+013A (decimal 314)
   defining Unicode char U+013B (decimal 315)
   defining Unicode char U+013C (decimal 316)
   defining Unicode char U+013D (decimal 317)
   defining Unicode char U+013E (decimal 318)
   defining Unicode char U+0141 (decimal 321)
   defining Unicode char U+0142 (decimal 322)
   defining Unicode char U+0143 (decimal 323)
   defining Unicode char U+0144 (decimal 324)
   defining Unicode char U+0145 (decimal 325)
   defining Unicode char U+0146 (decimal 326)
   defining Unicode char U+0147 (decimal 327)
   defining Unicode char U+0148 (decimal 328)
   defining Unicode char U+014A (decimal 330)
   defining Unicode char U+014B (decimal 331)
   defining Unicode char U+014C (decimal 332)
   defining Unicode char U+014D (decimal 333)
   defining Unicode char U+014E (decimal 334)
   defining Unicode char U+014F (decimal 335)
   defining Unicode char U+0150 (decimal 336)
   defining Unicode char U+0151 (decimal 337)
   defining Unicode char U+0152 (decimal 338)
   defining Unicode char U+0153 (decimal 339)
   defining Unicode char U+0154 (decimal 340)
   defining Unicode char U+0155 (decimal 341)
   defining Unicode char U+0156 (decimal 342)
   defining Unicode char U+0157 (decimal 343)
   defining Unicode char U+0158 (decimal 344)
   defining Unicode char U+0159 (decimal 345)
   defining Unicode char U+015A (decimal 346)
   defining Unicode char U+015B (decimal 347)
   defining Unicode char U+015C (decimal 348)
   defining Unicode char U+015D (decimal 349)
   defining Unicode char U+015E (decimal 350)
   defining Unicode char U+015F (decimal 351)
   defining Unicode char U+0160 (decimal 352)
   defining Unicode char U+0161 (decimal 353)
   defining Unicode char U+0162 (decimal 354)
   defining Unicode char U+0163 (decimal 355)
   defining Unicode char U+0164 (decimal 356)
   defining Unicode char U+0165 (decimal 357)
   defining Unicode char U+0168 (decimal 360)
   defining Unicode char U+0169 (decimal 361)
   defining Unicode char U+016A (decimal 362)
   defining Unicode char U+016B (decimal 363)
   defining Unicode char U+016C (decimal 364)
   defining Unicode char U+016D (decimal 365)
   defining Unicode char U+016E (decimal 366)
   defining Unicode char U+016F (decimal 367)
   defining Unicode char U+0170 (decimal 368)
   defining Unicode char U+0171 (decimal 369)
   defining Unicode char U+0172 (decimal 370)
   defining Unicode char U+0173 (decimal 371)
   defining Unicode char U+0174 (decimal 372)
   defining Unicode char U+0175 (decimal 373)
   defining Unicode char U+0176 (decimal 374)
   defining Unicode char U+0177 (decimal 375)
   defining Unicode char U+0178 (decimal 376)
   defining Unicode char U+0179 (decimal 377)
   defining Unicode char U+017A (decimal 378)
   defining Unicode char U+017B (decimal 379)
   defining Unicode char U+017C (decimal 380)
   defining Unicode char U+017D (decimal 381)
   defining Unicode char U+017E (decimal 382)
   defining Unicode char U+01CD (decimal 461)
   defining Unicode char U+01CE (decimal 462)
   defining Unicode char U+01CF (decimal 463)
   defining Unicode char U+01D0 (decimal 464)
   defining Unicode char U+01D1 (decimal 465)
   defining Unicode char U+01D2 (decimal 466)
   defining Unicode char U+01D3 (decimal 467)
   defining Unicode char U+01D4 (decimal 468)
   defining Unicode char U+01E2 (decimal 482)
   defining Unicode char U+01E3 (decimal 483)
   defining Unicode char U+01E6 (decimal 486)
   defining Unicode char U+01E7 (decimal 487)
   defining Unicode char U+01E8 (decimal 488)
   defining Unicode char U+01E9 (decimal 489)
   defining Unicode char U+01EA (decimal 490)
   defining Unicode char U+01EB (decimal 491)
   defining Unicode char U+01F0 (decimal 496)
   defining Unicode char U+01F4 (decimal 500)
   defining Unicode char U+01F5 (decimal 501)
   defining Unicode char U+0218 (decimal 536)
   defining Unicode char U+0219 (decimal 537)
   defining Unicode char U+021A (decimal 538)
   defining Unicode char U+021B (decimal 539)
   defining Unicode char U+0232 (decimal 562)
   defining Unicode char U+0233 (decimal 563)
   defining Unicode char U+1E02 (decimal 7682)
   defining Unicode char U+1E03 (decimal 7683)
   defining Unicode char U+200C (decimal 8204)
   defining Unicode char U+2010 (decimal 8208)
   defining Unicode char U+2011 (decimal 8209)
   defining Unicode char U+2012 (decimal 8210)
   defining Unicode char U+2013 (decimal 8211)
   defining Unicode char U+2014 (decimal 8212)
   defining Unicode char U+2015 (decimal 8213)
   defining Unicode char U+2018 (decimal 8216)
   defining Unicode char U+2019 (decimal 8217)
   defining Unicode char U+201A (decimal 8218)
   defining Unicode char U+201C (decimal 8220)
   defining Unicode char U+201D (decimal 8221)
   defining Unicode char U+201E (decimal 8222)
   defining Unicode char U+2030 (decimal 8240)
   defining Unicode char U+2031 (decimal 8241)
   defining Unicode char U+2039 (decimal 8249)
   defining Unicode char U+203A (decimal 8250)
   defining Unicode char U+2423 (decimal 9251)
   defining Unicode char U+1E20 (decimal 7712)
   defining Unicode char U+1E21 (decimal 7713)
)
Now handling font encoding OT1 ...
... processing UTF-8 mapping file for font encoding OT1

("C:\Program Files\MiKTeX 2.9\tex\latex\base\ot1enc.dfu"
File: ot1enc.dfu 2017/01/28 v1.1t UTF-8 support for inputenc
   defining Unicode char U+00A0 (decimal 160)
   defining Unicode char U+00A1 (decimal 161)
   defining Unicode char U+00A3 (decimal 163)
   defining Unicode char U+00AD (decimal 173)
   defining Unicode char U+00B8 (decimal 184)
   defining Unicode char U+00BF (decimal 191)
   defining Unicode char U+00C5 (decimal 197)
   defining Unicode char U+00C6 (decimal 198)
   defining Unicode char U+00D8 (decimal 216)
   defining Unicode char U+00DF (decimal 223)
   defining Unicode char U+00E6 (decimal 230)
   defining Unicode char U+00EC (decimal 236)
   defining Unicode char U+00ED (decimal 237)
   defining Unicode char U+00EE (decimal 238)
   defining Unicode char U+00EF (decimal 239)
   defining Unicode char U+00F8 (decimal 248)
   defining Unicode char U+0131 (decimal 305)
   defining Unicode char U+0141 (decimal 321)
   defining Unicode char U+0142 (decimal 322)
   defining Unicode char U+0152 (decimal 338)
   defining Unicode char U+0153 (decimal 339)
   defining Unicode char U+0174 (decimal 372)
   defining Unicode char U+0175 (decimal 373)
   defining Unicode char U+0176 (decimal 374)
   defining Unicode char U+0177 (decimal 375)
   defining Unicode char U+0218 (decimal 536)
   defining Unicode char U+0219 (decimal 537)
   defining Unicode char U+021A (decimal 538)
   defining Unicode char U+021B (decimal 539)
   defining Unicode char U+2013 (decimal 8211)
   defining Unicode char U+2014 (decimal 8212)
   defining Unicode char U+2018 (decimal 8216)
   defining Unicode char U+2019 (decimal 8217)
   defining Unicode char U+201C (decimal 8220)
   defining Unicode char U+201D (decimal 8221)
)
Now handling font encoding OMS ...
... processing UTF-8 mapping file for font encoding OMS

("C:\Program Files\MiKTeX 2.9\tex\latex\base\omsenc.dfu"
File: omsenc.dfu 2017/01/28 v1.1t UTF-8 support for inputenc
   defining Unicode char U+00A7 (decimal 167)
   defining Unicode char U+00B6 (decimal 182)
   defining Unicode char U+00B7 (decimal 183)
   defining Unicode char U+2020 (decimal 8224)
   defining Unicode char U+2021 (decimal 8225)
   defining Unicode char U+2022 (decimal 8226)
)
Now handling font encoding OMX ...
... no UTF-8 mapping file for font encoding OMX
Now handling font encoding U ...
... no UTF-8 mapping file for font encoding U
   defining Unicode char U+00A9 (decimal 169)
   defining Unicode char U+00AA (decimal 170)
   defining Unicode char U+00AE (decimal 174)
   defining Unicode char U+00BA (decimal 186)
   defining Unicode char U+02C6 (decimal 710)
   defining Unicode char U+02DC (decimal 732)
   defining Unicode char U+200C (decimal 8204)
   defining Unicode char U+2026 (decimal 8230)
   defining Unicode char U+2122 (decimal 8482)
   defining Unicode char U+2423 (decimal 9251)
))
("C:\Program Files\MiKTeX 2.9\tex\latex\base\fontenc.sty"
Package: fontenc 2017/04/05 v2.0i Standard LaTeX package

("C:\Program Files\MiKTeX 2.9\tex\latex\base\t1enc.def"
File: t1enc.def 2017/04/05 v2.0i Standard LaTeX file
LaTeX Font Info:    Redeclaring font encoding T1 on input line 48.
))
("C:\Program Files\MiKTeX 2.9\tex\latex\base\textcomp.sty"
Package: textcomp 2017/04/05 v2.0i Standard LaTeX package
Package textcomp Info: Sub-encoding information:
(textcomp)               5 = only ISO-Adobe without \textcurrency
(textcomp)               4 = 5 + \texteuro
(textcomp)               3 = 4 + \textohm
(textcomp)               2 = 3 + \textestimated + \textcurrency
(textcomp)               1 = TS1 - \textcircled - \t
(textcomp)               0 = TS1 (full)
(textcomp)             Font families with sub-encoding setting implement
(textcomp)             only a restricted character set as indicated.
(textcomp)             Family '?' is the default used for unknown fonts.
(textcomp)             See the documentation for details.
Package textcomp Info: Setting ? sub-encoding to TS1/1 on input line 79.

("C:\Program Files\MiKTeX 2.9\tex\latex\base\ts1enc.def"
File: ts1enc.def 2001/06/05 v3.0e (jk/car/fm) Standard LaTeX file
Now handling font encoding TS1 ...
... processing UTF-8 mapping file for font encoding TS1

("C:\Program Files\MiKTeX 2.9\tex\latex\base\ts1enc.dfu"
File: ts1enc.dfu 2017/01/28 v1.1t UTF-8 support for inputenc
   defining Unicode char U+00A2 (decimal 162)
   defining Unicode char U+00A3 (decimal 163)
   defining Unicode char U+00A4 (decimal 164)
   defining Unicode char U+00A5 (decimal 165)
   defining Unicode char U+00A6 (decimal 166)
   defining Unicode char U+00A7 (decimal 167)
   defining Unicode char U+00A8 (decimal 168)
   defining Unicode char U+00A9 (decimal 169)
   defining Unicode char U+00AA (decimal 170)
   defining Unicode char U+00AC (decimal 172)
   defining Unicode char U+00AE (decimal 174)
   defining Unicode char U+00AF (decimal 175)
   defining Unicode char U+00B0 (decimal 176)
   defining Unicode char U+00B1 (decimal 177)
   defining Unicode char U+00B2 (decimal 178)
   defining Unicode char U+00B3 (decimal 179)
   defining Unicode char U+00B4 (decimal 180)
   defining Unicode char U+00B5 (decimal 181)
   defining Unicode char U+00B6 (decimal 182)
   defining Unicode char U+00B7 (decimal 183)
   defining Unicode char U+00B9 (decimal 185)
   defining Unicode char U+00BA (decimal 186)
   defining Unicode char U+00BC (decimal 188)
   defining Unicode char U+00BD (decimal 189)
   defining Unicode char U+00BE (decimal 190)
   defining Unicode char U+00D7 (decimal 215)
   defining Unicode char U+00F7 (decimal 247)
   defining Unicode char U+0192 (decimal 402)
   defining Unicode char U+02C7 (decimal 711)
   defining Unicode char U+02D8 (decimal 728)
   defining Unicode char U+02DD (decimal 733)
   defining Unicode char U+0E3F (decimal 3647)
   defining Unicode char U+2016 (decimal 8214)
   defining Unicode char U+2020 (decimal 8224)
   defining Unicode char U+2021 (decimal 8225)
   defining Unicode char U+2022 (decimal 8226)
   defining Unicode char U+2030 (decimal 8240)
   defining Unicode char U+2031 (decimal 8241)
   defining Unicode char U+203B (decimal 8251)
   defining Unicode char U+203D (decimal 8253)
   defining Unicode char U+2044 (decimal 8260)
   defining Unicode char U+204E (decimal 8270)
   defining Unicode char U+2052 (decimal 8274)
   defining Unicode char U+20A1 (decimal 8353)
   defining Unicode char U+20A4 (decimal 8356)
   defining Unicode char U+20A6 (decimal 8358)
   defining Unicode char U+20A9 (decimal 8361)
   defining Unicode char U+20AB (decimal 8363)
   defining Unicode char U+20AC (decimal 8364)
   defining Unicode char U+20B1 (decimal 8369)
   defining Unicode char U+2103 (decimal 8451)
   defining Unicode char U+2116 (decimal 8470)
   defining Unicode char U+2117 (decimal 8471)
   defining Unicode char U+211E (decimal 8478)
   defining Unicode char U+2120 (decimal 8480)
   defining Unicode char U+2122 (decimal 8482)
   defining Unicode char U+2126 (decimal 8486)
   defining Unicode char U+2127 (decimal 8487)
   defining Unicode char U+212E (decimal 8494)
   defining Unicode char U+2190 (decimal 8592)
   defining Unicode char U+2191 (decimal 8593)
   defining Unicode char U+2192 (decimal 8594)
   defining Unicode char U+2193 (decimal 8595)
   defining Unicode char U+2329 (decimal 9001)
   defining Unicode char U+232A (decimal 9002)
   defining Unicode char U+2422 (decimal 9250)
   defining Unicode char U+25E6 (decimal 9702)
   defining Unicode char U+25EF (decimal 9711)
   defining Unicode char U+266A (decimal 9834)
))
LaTeX Info: Redefining \oldstylenums on input line 334.
Package textcomp Info: Setting cmr sub-encoding to TS1/0 on input line 349.
Package textcomp Info: Setting cmss sub-encoding to TS1/0 on input line 350.
Package textcomp Info: Setting cmtt sub-encoding to TS1/0 on input line 351.
Package textcomp Info: Setting cmvtt sub-encoding to TS1/0 on input line 352.
Package textcomp Info: Setting cmbr sub-encoding to TS1/0 on input line 353.
Package textcomp Info: Setting cmtl sub-encoding to TS1/0 on input line 354.
Package textcomp Info: Setting ccr sub-encoding to TS1/0 on input line 355.
Package textcomp Info: Setting ptm sub-encoding to TS1/4 on input line 356.
Package textcomp Info: Setting pcr sub-encoding to TS1/4 on input line 357.
Package textcomp Info: Setting phv sub-encoding to TS1/4 on input line 358.
Package textcomp Info: Setting ppl sub-encoding to TS1/3 on input line 359.
Package textcomp Info: Setting pag sub-encoding to TS1/4 on input line 360.
Package textcomp Info: Setting pbk sub-encoding to TS1/4 on input line 361.
Package textcomp Info: Setting pnc sub-encoding to TS1/4 on input line 362.
Package textcomp Info: Setting pzc sub-encoding to TS1/4 on input line 363.
Package textcomp Info: Setting bch sub-encoding to TS1/4 on input line 364.
Package textcomp Info: Setting put sub-encoding to TS1/5 on input line 365.
Package textcomp Info: Setting uag sub-encoding to TS1/5 on input line 366.
Package textcomp Info: Setting ugq sub-encoding to TS1/5 on input line 367.
Package textcomp Info: Setting ul8 sub-encoding to TS1/4 on input line 368.
Package textcomp Info: Setting ul9 sub-encoding to TS1/4 on input line 369.
Package textcomp Info: Setting augie sub-encoding to TS1/5 on input line 370.
Package textcomp Info: Setting dayrom sub-encoding to TS1/3 on input line 371.
Package textcomp Info: Setting dayroms sub-encoding to TS1/3 on input line 372.

Package textcomp Info: Setting pxr sub-encoding to TS1/0 on input line 373.
Package textcomp Info: Setting pxss sub-encoding to TS1/0 on input line 374.
Package textcomp Info: Setting pxtt sub-encoding to TS1/0 on input line 375.
Package textcomp Info: Setting txr sub-encoding to TS1/0 on input line 376.
Package textcomp Info: Setting txss sub-encoding to TS1/0 on input line 377.
Package textcomp Info: Setting txtt sub-encoding to TS1/0 on input line 378.
Package textcomp Info: Setting lmr sub-encoding to TS1/0 on input line 379.
Package textcomp Info: Setting lmdh sub-encoding to TS1/0 on input line 380.
Package textcomp Info: Setting lmss sub-encoding to TS1/0 on input line 381.
Package textcomp Info: Setting lmssq sub-encoding to TS1/0 on input line 382.
Package textcomp Info: Setting lmvtt sub-encoding to TS1/0 on input line 383.
Package textcomp Info: Setting lmtt sub-encoding to TS1/0 on input line 384.
Package textcomp Info: Setting qhv sub-encoding to TS1/0 on input line 385.
Package textcomp Info: Setting qag sub-encoding to TS1/0 on input line 386.
Package textcomp Info: Setting qbk sub-encoding to TS1/0 on input line 387.
Package textcomp Info: Setting qcr sub-encoding to TS1/0 on input line 388.
Package textcomp Info: Setting qcs sub-encoding to TS1/0 on input line 389.
Package textcomp Info: Setting qpl sub-encoding to TS1/0 on input line 390.
Package textcomp Info: Setting qtm sub-encoding to TS1/0 on input line 391.
Package textcomp Info: Setting qzc sub-encoding to TS1/0 on input line 392.
Package textcomp Info: Setting qhvc sub-encoding to TS1/0 on input line 393.
Package textcomp Info: Setting futs sub-encoding to TS1/4 on input line 394.
Package textcomp Info: Setting futx sub-encoding to TS1/4 on input line 395.
Package textcomp Info: Setting futj sub-encoding to TS1/4 on input line 396.
Package textcomp Info: Setting hlh sub-encoding to TS1/3 on input line 397.
Package textcomp Info: Setting hls sub-encoding to TS1/3 on input line 398.
Package textcomp Info: Setting hlst sub-encoding to TS1/3 on input line 399.
Package textcomp Info: Setting hlct sub-encoding to TS1/5 on input line 400.
Package textcomp Info: Setting hlx sub-encoding to TS1/5 on input line 401.
Package textcomp Info: Setting hlce sub-encoding to TS1/5 on input line 402.
Package textcomp Info: Setting hlcn sub-encoding to TS1/5 on input line 403.
Package textcomp Info: Setting hlcw sub-encoding to TS1/5 on input line 404.
Package textcomp Info: Setting hlcf sub-encoding to TS1/5 on input line 405.
Package textcomp Info: Setting pplx sub-encoding to TS1/3 on input line 406.
Package textcomp Info: Setting pplj sub-encoding to TS1/3 on input line 407.
Package textcomp Info: Setting ptmx sub-encoding to TS1/4 on input line 408.
Package textcomp Info: Setting ptmj sub-encoding to TS1/4 on input line 409.
)
   defining Unicode char U+00A0 (decimal 160)

("C:\Program Files\MiKTeX 2.9\tex\latex\amsmath\amsmath.sty"
Package: amsmath 2016/11/05 v2.16a AMS math features
\@mathmargin=\skip43

For additional information on amsmath, use the `?' option.
("C:\Program Files\MiKTeX 2.9\tex\latex\amsmath\amstext.sty"
Package: amstext 2000/06/29 v2.01 AMS text

("C:\Program Files\MiKTeX 2.9\tex\latex\amsmath\amsgen.sty"
File: amsgen.sty 1999/11/30 v2.0 generic functions
\@emptytoks=\toks18
\ex@=\dimen111
))
("C:\Program Files\MiKTeX 2.9\tex\latex\amsmath\amsbsy.sty"
Package: amsbsy 1999/11/29 v1.2d Bold Symbols
\pmbraise@=\dimen112
)
("C:\Program Files\MiKTeX 2.9\tex\latex\amsmath\amsopn.sty"
Package: amsopn 2016/03/08 v2.02 operator names
)
\inf@bad=\count91
LaTeX Info: Redefining \frac on input line 213.
\uproot@=\count92
\leftroot@=\count93
LaTeX Info: Redefining \overline on input line 375.
\classnum@=\count94
\DOTSCASE@=\count95
LaTeX Info: Redefining \ldots on input line 472.
LaTeX Info: Redefining \dots on input line 475.
LaTeX Info: Redefining \cdots on input line 596.
\Mathstrutbox@=\box26
\strutbox@=\box27
\big@size=\dimen113
LaTeX Font Info:    Redeclaring font encoding OML on input line 712.
LaTeX Font Info:    Redeclaring font encoding OMS on input line 713.
\macc@depth=\count96
\c@MaxMatrixCols=\count97
\dotsspace@=\muskip10
\c@parentequation=\count98
\dspbrk@lvl=\count99
\tag@help=\toks19
\row@=\count100
\column@=\count101
\maxfields@=\count102
\andhelp@=\toks20
\eqnshift@=\dimen114
\alignsep@=\dimen115
\tagshift@=\dimen116
\tagwidth@=\dimen117
\totwidth@=\dimen118
\lineht@=\dimen119
\@envbody=\toks21
\multlinegap=\skip44
\multlinetaggap=\skip45
\mathdisplay@stack=\toks22
LaTeX Info: Redefining \[ on input line 2817.
LaTeX Info: Redefining \] on input line 2818.
)
("C:\Program Files\MiKTeX 2.9\tex\latex\graphics\color.sty"
Package: color 2016/07/10 v1.1e Standard LaTeX Color (DPC)

("C:\Program Files\MiKTeX 2.9\tex\latex\graphics-cfg\color.cfg"
File: color.cfg 2016/01/02 v1.6 sample color configuration
)
Package color Info: Driver file: pdftex.def on input line 147.

("C:\Program Files\MiKTeX 2.9\tex\latex\graphics-def\pdftex.def"
File: pdftex.def 2017/01/12 v0.06k Graphics/color for pdfTeX

("C:\Program Files\MiKTeX 2.9\tex\generic\oberdiek\infwarerr.sty"
Package: infwarerr 2016/05/16 v1.4 Providing info/warning/error messages (HO)
)
("C:\Program Files\MiKTeX 2.9\tex\generic\oberdiek\ltxcmds.sty"
Package: ltxcmds 2016/05/16 v1.23 LaTeX kernel commands for general use (HO)
)
\Gread@gobject=\count103
))
("C:\Program Files\MiKTeX 2.9\tex\latex\graphics\graphicx.sty"
Package: graphicx 2014/10/28 v1.0g Enhanced LaTeX Graphics (DPC,SPQR)

("C:\Program Files\MiKTeX 2.9\tex\latex\graphics\graphics.sty"
Package: graphics 2017/04/14 v1.1b Standard LaTeX Graphics (DPC,SPQR)

("C:\Program Files\MiKTeX 2.9\tex\latex\graphics\trig.sty"
Package: trig 2016/01/03 v1.10 sin cos tan (DPC)
)
("C:\Program Files\MiKTeX 2.9\tex\latex\graphics-cfg\graphics.cfg"
File: graphics.cfg 2016/06/04 v1.11 sample graphics configuration
)
Package graphics Info: Driver file: pdftex.def on input line 99.
)
\Gin@req@height=\dimen120
\Gin@req@width=\dimen121
)
("C:\Program Files\MiKTeX 2.9\tex\latex\fancyhdr\fancyhdr.sty"
Package: fancyhdr 2017/06/30 v3.9a Extensive control of page headers and footer
s
\f@nch@headwidth=\skip46
\f@nch@O@elh=\skip47
\f@nch@O@erh=\skip48
\f@nch@O@olh=\skip49
\f@nch@O@orh=\skip50
\f@nch@O@elf=\skip51
\f@nch@O@erf=\skip52
\f@nch@O@olf=\skip53
\f@nch@O@orf=\skip54
)
("C:\Program Files\MiKTeX 2.9\tex\latex\hyperref\hyperref.sty"
Package: hyperref 2017/03/14 v6.85a Hypertext links for LaTeX

("C:\Program Files\MiKTeX 2.9\tex\generic\oberdiek\hobsub-hyperref.sty"
Package: hobsub-hyperref 2016/05/16 v1.14 Bundle oberdiek, subset hyperref (HO)


("C:\Program Files\MiKTeX 2.9\tex\generic\oberdiek\hobsub-generic.sty"
Package: hobsub-generic 2016/05/16 v1.14 Bundle oberdiek, subset generic (HO)
Package: hobsub 2016/05/16 v1.14 Construct package bundles (HO)
Package hobsub Info: Skipping package `infwarerr' (already loaded).
Package hobsub Info: Skipping package `ltxcmds' (already loaded).
Package: ifluatex 2016/05/16 v1.4 Provides the ifluatex switch (HO)
Package ifluatex Info: LuaTeX not detected.
Package hobsub Info: Skipping package `ifvtex' (already loaded).
Package: intcalc 2016/05/16 v1.2 Expandable calculations with integers (HO)
Package hobsub Info: Skipping package `ifpdf' (already loaded).
Package: etexcmds 2016/05/16 v1.6 Avoid name clashes with e-TeX commands (HO)
Package etexcmds Info: Could not find \expanded.
(etexcmds)             That can mean that you are not using pdfTeX 1.50 or
(etexcmds)             that some package has redefined \expanded.
(etexcmds)             In the latter case, load this package earlier.
Package: kvsetkeys 2016/05/16 v1.17 Key value parser (HO)
Package: kvdefinekeys 2016/05/16 v1.4 Define keys (HO)
Package: pdftexcmds 2017/03/19 v0.25 Utility functions of pdfTeX for LuaTeX (HO
)
Package pdftexcmds Info: LuaTeX not detected.
Package pdftexcmds Info: \pdf@primitive is available.
Package pdftexcmds Info: \pdf@ifprimitive is available.
Package pdftexcmds Info: \pdfdraftmode found.
Package: pdfescape 2016/05/16 v1.14 Implements pdfTeX's escape features (HO)
Package: bigintcalc 2016/05/16 v1.4 Expandable calculations on big integers (HO
)
Package: bitset 2016/05/16 v1.2 Handle bit-vector datatype (HO)
Package: uniquecounter 2016/05/16 v1.3 Provide unlimited unique counter (HO)
)
Package hobsub Info: Skipping package `hobsub' (already loaded).
Package: letltxmacro 2016/05/16 v1.5 Let assignment for LaTeX macros (HO)
Package: hopatch 2016/05/16 v1.3 Wrapper for package hooks (HO)
Package: xcolor-patch 2016/05/16 xcolor patch
Package: atveryend 2016/05/16 v1.9 Hooks at the very end of document (HO)
Package atveryend Info: \enddocument detected (standard20110627).
Package: atbegshi 2016/06/09 v1.18 At begin shipout hook (HO)
Package: refcount 2016/05/16 v3.5 Data extraction from label references (HO)
Package: hycolor 2016/05/16 v1.8 Color options for hyperref/bookmark (HO)
)
("C:\Program Files\MiKTeX 2.9\tex\latex\oberdiek\auxhook.sty"
Package: auxhook 2016/05/16 v1.4 Hooks for auxiliary files (HO)
)
("C:\Program Files\MiKTeX 2.9\tex\latex\oberdiek\kvoptions.sty"
Package: kvoptions 2016/05/16 v3.12 Key value format for package options (HO)
)
\@linkdim=\dimen122
\Hy@linkcounter=\count104
\Hy@pagecounter=\count105

("C:\Program Files\MiKTeX 2.9\tex\latex\hyperref\pd1enc.def"
File: pd1enc.def 2017/03/14 v6.85a Hyperref: PDFDocEncoding definition (HO)
Now handling font encoding PD1 ...
... no UTF-8 mapping file for font encoding PD1
)
\Hy@SavedSpaceFactor=\count106

("C:\Program Files\MiKTeX 2.9\tex\latex\00miktex\hyperref.cfg"
File: hyperref.cfg 2002/06/06 v1.2 hyperref configuration of TeXLive
)
Package hyperref Info: Hyper figures OFF on input line 4498.
Package hyperref Info: Link nesting OFF on input line 4503.
Package hyperref Info: Hyper index ON on input line 4506.
Package hyperref Info: Plain pages OFF on input line 4513.
Package hyperref Info: Backreferencing OFF on input line 4518.
Package hyperref Info: Implicit mode ON; LaTeX internals redefined.
Package hyperref Info: Bookmarks ON on input line 4751.
\c@Hy@tempcnt=\count107

("C:\Program Files\MiKTeX 2.9\tex\latex\url\url.sty"
\Urlmuskip=\muskip11
Package: url 2013/09/16  ver 3.4  Verb mode for urls, etc.
)
LaTeX Info: Redefining \url on input line 5104.
\XeTeXLinkMargin=\dimen123
\Fld@menulength=\count108
\Field@Width=\dimen124
\Fld@charsize=\dimen125
Package hyperref Info: Hyper figures OFF on input line 6358.
Package hyperref Info: Link nesting OFF on input line 6363.
Package hyperref Info: Hyper index ON on input line 6366.
Package hyperref Info: backreferencing OFF on input line 6373.
Package hyperref Info: Link coloring OFF on input line 6378.
Package hyperref Info: Link coloring with OCG OFF on input line 6383.
Package hyperref Info: PDF/A mode OFF on input line 6388.
LaTeX Info: Redefining \ref on input line 6428.
LaTeX Info: Redefining \pageref on input line 6432.
\Hy@abspage=\count109
\c@Item=\count110
\c@Hfootnote=\count111
)

Package hyperref Message: Driver (autodetected): hpdftex.

("C:\Program Files\MiKTeX 2.9\tex\latex\hyperref\hpdftex.def"
File: hpdftex.def 2017/03/14 v6.85a Hyperref driver for pdfTeX
\Fld@listcount=\count112
\c@bookmark@seq@number=\count113

("C:\Program Files\MiKTeX 2.9\tex\latex\oberdiek\rerunfilecheck.sty"
Package: rerunfilecheck 2016/05/16 v1.8 Rerun checks for auxiliary files (HO)
Package uniquecounter Info: New unique counter `rerunfilecheck' on input line 2
82.
)
\Hy@SectionHShift=\skip55
)
Package hyperref Info: Option `colorlinks' set `true' on input line 14.

("C:\Program Files\MiKTeX 2.9\tex\latex\natbib\natbib.sty"
Package: natbib 2010/09/13 8.31b (PWD, AO)
\bibhang=\skip56
\bibsep=\skip57
LaTeX Info: Redefining \cite on input line 694.
\c@NAT@ctr=\count114
)
("C:\Program Files\MiKTeX 2.9\tex\latex\setspace\setspace.sty"
Package: setspace 2011/12/19 v6.7a set line spacing
)
("C:\Program Files\MiKTeX 2.9\tex\latex\tools\verbatim.sty"
Package: verbatim 2014/10/28 v1.5q LaTeX2e package for verbatim enhancements
\every@verbatim=\toks23
\verbatim@line=\toks24
\verbatim@in@stream=\read1
)
("C:\Program Files\MiKTeX 2.9\tex\latex\base\makeidx.sty"
Package: makeidx 2014/09/29 v1.0m Standard LaTeX package
)
("C:\Program Files\MiKTeX 2.9\tex\latex\titlesec\titlesec.sty"
Package: titlesec 2016/03/21 v2.10.2 Sectioning titles
\ttl@box=\box28
\beforetitleunit=\skip58
\aftertitleunit=\skip59
\ttl@plus=\dimen126
\ttl@minus=\dimen127
\ttl@toksa=\toks25
\titlewidth=\dimen128
\titlewidthlast=\dimen129
\titlewidthfirst=\dimen130
)
("C:\Program Files\MiKTeX 2.9\tex\latex\listings\listings.sty"
\lst@mode=\count115
\lst@gtempboxa=\box29
\lst@token=\toks26
\lst@length=\count116
\lst@currlwidth=\dimen131
\lst@column=\count117
\lst@pos=\count118
\lst@lostspace=\dimen132
\lst@width=\dimen133
\lst@newlines=\count119
\lst@lineno=\count120
\lst@maxwidth=\dimen134
 (lstpatch.sty

***
*** This is a patch for listings 1.3, but you're using
*** version 1.6.
***
*** Patch file not loaded.
***

) ("C:\Program Files\MiKTeX 2.9\tex\latex\listings\lstmisc.sty"
File: lstmisc.sty 2015/06/04 1.6 (Carsten Heinz)
\c@lstnumber=\count121
\lst@skipnumbers=\count122
\lst@framebox=\box30
)
("C:\Program Files\MiKTeX 2.9\tex\latex\listings\listings.cfg"
File: listings.cfg 2015/06/04 1.6 listings configuration
))
Package: listings 2015/06/04 1.6 (Carsten Heinz)

("C:\Program Files\MiKTeX 2.9\tex\latex\float\float.sty"
Package: float 2001/11/08 v1.3d Float enhancements (AL)
\c@float@type=\count123
\float@exts=\toks27
\float@box=\box31
\@float@everytoks=\toks28
\@floatcapt=\box32
)
\@indexfile=\write3
\openout3 = `MainFile.idx'.


Writing index file MainFile.idx
) (MainFile.aux

LaTeX Warning: Label `fig:last' multiply defined.


LaTeX Warning: Label `Chapter:8' multiply defined.


LaTeX Warning: Label `fig:company-table' multiply defined.


LaTeX Warning: Label `fig:subquery-with-select-statement' multiply defined.


LaTeX Warning: Label `fig:subquery-with-update-statement' multiply defined.


LaTeX Warning: Label `fig:subquery-with-delete-statement' multiply defined.


LaTeX Warning: Label `Chapter:9' multiply defined.


LaTeX Warning: Label `fig:not-null-constraint' multiply defined.


LaTeX Warning: Label `fig:unique-constraint' multiply defined.


LaTeX Warning: Label `fig:primary-key--constraint' multiply defined.


LaTeX Warning: Label `fig:foreign-key-constraint' multiply defined.


LaTeX Warning: Label `fig:check-constraint' multiply defined.


LaTeX Warning: Label `fig:exclusion-constraint-before-inserting-excluded-data' 
multiply defined.


LaTeX Warning: Label `fig:exclusion-constraint-after-inserting-excluded-data' m
ultiply defined.


LaTeX Warning: Label `fig:drop-constraint' multiply defined.

)
\openout1 = `MainFile.aux'.

LaTeX Font Info:    Checking defaults for OML/cmm/m/it on input line 2.
LaTeX Font Info:    ... okay on input line 2.
LaTeX Font Info:    Checking defaults for T1/cmr/m/n on input line 2.
LaTeX Font Info:    ... okay on input line 2.
LaTeX Font Info:    Checking defaults for OT1/cmr/m/n on input line 2.
LaTeX Font Info:    ... okay on input line 2.
LaTeX Font Info:    Checking defaults for OMS/cmsy/m/n on input line 2.
LaTeX Font Info:    ... okay on input line 2.
LaTeX Font Info:    Checking defaults for OMX/cmex/m/n on input line 2.
LaTeX Font Info:    ... okay on input line 2.
LaTeX Font Info:    Checking defaults for U/cmr/m/n on input line 2.
LaTeX Font Info:    ... okay on input line 2.
LaTeX Font Info:    Checking defaults for TS1/cmr/m/n on input line 2.
LaTeX Font Info:    Try loading font information for TS1+cmr on input line 2.
 ("C:\Program Files\MiKTeX 2.9\tex\latex\base\ts1cmr.fd"
File: ts1cmr.fd 2014/09/29 v2.5h Standard LaTeX font definitions
)
LaTeX Font Info:    ... okay on input line 2.
LaTeX Font Info:    Checking defaults for PD1/pdf/m/n on input line 2.
LaTeX Font Info:    ... okay on input line 2.

*geometry* driver: auto-detecting
*geometry* detected driver: pdftex
*geometry* verbose mode - [ preamble ] result:
* driver: pdftex
* paper: a4paper
* layout: <same size as paper>
* layoutoffset:(h,v)=(0.0pt,0.0pt)
* bindingoffset: 17.07164pt
* modes: twoside 
* h-part:(L,W,R)=(61.45795pt, 426.79134pt, 92.18695pt)
* v-part:(T,H,B)=(71.13188pt, 702.78308pt, 71.13188pt)
* \paperwidth=597.50787pt
* \paperheight=845.04684pt
* \textwidth=426.79134pt
* \textheight=702.78308pt
* \oddsidemargin=6.2596pt
* \evensidemargin=19.91696pt
* \topmargin=-38.1381pt
* \headheight=12.0pt
* \headsep=25.0pt
* \topskip=12.0pt
* \footskip=30.0pt
* \marginparwidth=95.0pt
* \marginparsep=10.0pt
* \columnsep=10.0pt
* \skip\footins=10.8pt plus 4.0pt minus 2.0pt
* \hoffset=0.0pt
* \voffset=0.0pt
* \mag=1000
* \@twocolumnfalse
* \@twosidetrue
* \@mparswitchtrue
* \@reversemarginfalse
* (1in=72.27pt=25.4mm, 1cm=28.453pt)

("C:\Program Files\MiKTeX 2.9\tex\context\base\supp-pdf.mkii"
[Loading MPS to PDF converter (version 2006.09.02).]
\scratchcounter=\count124
\scratchdimen=\dimen135
\scratchbox=\box33
\nofMPsegments=\count125
\nofMParguments=\count126
\everyMPshowfont=\toks29
\MPscratchCnt=\count127
\MPscratchDim=\dimen136
\MPnumerator=\count128
\makeMPintoPDFobject=\count129
\everyMPtoPDFconversion=\toks30
) ("C:\Program Files\MiKTeX 2.9\tex\latex\oberdiek\epstopdf-base.sty"
Package: epstopdf-base 2016/05/15 v2.6 Base part for package epstopdf

("C:\Program Files\MiKTeX 2.9\tex\latex\oberdiek\grfext.sty"
Package: grfext 2016/05/16 v1.2 Manage graphics extensions (HO)
)
Package epstopdf-base Info: Redefining graphics rule for `.eps' on input line 4
38.
Package grfext Info: Graphics extension search list:
(grfext)             [.png,.pdf,.jpg,.mps,.jpeg,.jbig2,.jb2,.PNG,.PDF,.JPG,.JPE
G,.JBIG2,.JB2,.eps]
(grfext)             \AppendGraphicsExtensions on input line 456.
)
\AtBeginShipoutBox=\box34
Package hyperref Info: Link coloring ON on input line 2.

("C:\Program Files\MiKTeX 2.9\tex\latex\hyperref\nameref.sty"
Package: nameref 2016/05/21 v2.44 Cross-referencing by name of section

("C:\Program Files\MiKTeX 2.9\tex\generic\oberdiek\gettitlestring.sty"
Package: gettitlestring 2016/05/16 v1.5 Cleanup title references (HO)
)
\c@section@level=\count130
)
LaTeX Info: Redefining \ref on input line 2.
LaTeX Info: Redefining \pageref on input line 2.
LaTeX Info: Redefining \nameref on input line 2.

(MainFile.out) (MainFile.out)
\@outlinefile=\write4
\openout4 = `MainFile.out'.

\c@lstlisting=\count131
 (frontmatter.tex
<images/university.jpg, id=379, 638.385pt x 700.6175pt>
File: images/university.jpg Graphic file (type jpg)

<use images/university.jpg>
Package pdftex.def Info: images/university.jpg used on input line 19.
(pdftex.def)             Requested size: 170.71393pt x 187.35185pt.
 [1



{C:/ProgramData/MiKTeX/2.9/pdftex/config/pdftex.map} <./images/university.jpg>]
 [2

]

LaTeX Font Warning: Font shape `T1/cmr/m/n' in size <16> not available
(Font)              size <17.28> substituted on input line 52.


LaTeX Font Warning: Font shape `T1/cmr/bx/n' in size <16> not available
(Font)              size <17.28> substituted on input line 52.

(MainFile.toc [3

] [4])
\tf@toc=\write5
\openout5 = `MainFile.toc'.

 [5] (MainFile.lof [6

])
\tf@lof=\write6
\openout6 = `MainFile.lof'.

) (chapters/p1.tex [7]
Practical 1.

Overfull \hbox (17.93825pt too wide) in paragraph at lines 1--1
|\T1/cmr/bx/n/17.28 Installation and con-fig-u-ra-tion of Post-greSQL and Pgad-

 []


<images/"Adding the repository for PostgreSQL".jpg, id=669, 518.53725pt x 129.4
8375pt>
File: images/"Adding the repository for PostgreSQL".jpg Graphic file (type jpg)

 <use images/"Adding the repository for PostgreSQL".jpg>
Package pdftex.def Info: images/"Adding the repository for PostgreSQL".jpg used
 on input line 29.
(pdftex.def)             Requested size: 298.75262pt x 74.60074pt.
 [8

pdfTeX warning (ext4): destination with the same identifier (name{figure.1.1}) 
has been already used, duplicate ignored

\AtBegShi@Output ...ipout \box \AtBeginShipoutBox 
                                                  \fi \fi 
l.46 \begin{lstlisting}
                        <./images/Adding the repository for PostgreSQL.jpg>]
<images/"Installing PostgreSQL (1)".jpg, id=682, 426.99525pt x 287.27325pt>
File: images/"Installing PostgreSQL (1)".jpg Graphic file (type jpg)

<use images/"Installing PostgreSQL (1)".jpg>
Package pdftex.def Info: images/"Installing PostgreSQL (1)".jpg used on input l
ine 52.
(pdftex.def)             Requested size: 298.75262pt x 201.00223pt.

<images/"Connecting to PostgreSQL (1)".jpg, id=683, 591.4095pt x 115.632pt>
File: images/"Connecting to PostgreSQL (1)".jpg Graphic file (type jpg)

<use images/"Connecting to PostgreSQL (1)".jpg>
Package pdftex.def Info: images/"Connecting to PostgreSQL (1)".jpg used on inpu
t line 88.
(pdftex.def)             Requested size: 298.75262pt x 58.41045pt.

<images/"PgAdmin III interface (1)".png, id=684, 325.215pt x 502.87875pt>
File: images/"PgAdmin III interface (1)".png Graphic file (type png)

<use images/"PgAdmin III interface (1)".png>
Package pdftex.def Info: images/"PgAdmin III interface (1)".png used on input l
ine 109.
(pdftex.def)             Requested size: 298.75262pt x 461.99416pt.
 [9pdfTeX warning (ext4): destination with the same identifier (name{figure.1.2
}) has been already used, duplicate ignored

\AtBegShi@Output ...ipout \box \AtBeginShipoutBox 
                                                  \fi \fi 
l.112 \end{figure}
                   <./images/Installing PostgreSQL (1).jpg>]
Overfull \hbox (23.75557pt too wide) in paragraph at lines 167--170
[]\T1/cmr/bx/n/12 2. $[]$ \T1/cmr/m/n/12 On the Post-greSQL database
 []

[10pdfTeX warning (ext4): destination with the same identifier (name{figure.1.3
}) has been already used, duplicate ignored

\AtBegShi@Output ...ipout \box \AtBeginShipoutBox 
                                                  \fi \fi 
l.174 \end{lstlisting}
                       <./images/Connecting to PostgreSQL (1).jpg>] [11pdfTeX w
arning (ext4): destination with the same identifier (name{figure.1.4}) has been
 already used, duplicate ignored

\AtBegShi@Output ...ipout \box \AtBeginShipoutBox 
                                                  \fi \fi 
l.174 \end{lstlisting}
                       <./images/PgAdmin III interface (1).png>]
Overfull \hbox (20.42845pt too wide) in paragraph at lines 183--186
[]\T1/cmr/bx/n/12 3. $[]$ \T1/cmr/m/n/12 Now, lo-gin to the client ma-chine 192
.168.101.20,
 []


Overfull \hbox (29.3183pt too wide) in paragraph at lines 183--186
\T1/cmr/m/n/12 and per-form the psql re-mote con-nec-tion to the Post-greSQL da
tabase server (192.168.102.1)
 []

) (chapters/p2.tex [12]
Practical 2.

Overfull \hbox (18.93787pt too wide) in paragraph at lines 1--1
|\T1/cmr/bx/n/17.28 Write the queries for Data Def-i-ni-tion (CRE-ATE, DROP
 []

<images/"insert".jpg, id=746, 682.80093pt x 167.12437pt>
File: images/"insert".jpg Graphic file (type jpg)

<use images/"insert".jpg>
Package pdftex.def Info: images/"insert".jpg used on input line 22.
(pdftex.def)             Requested size: 298.75262pt x 73.12437pt.

<images/"Select".jpg, id=747, 795.72281pt x 398.23781pt>
File: images/"Select".jpg Graphic file (type jpg)

<use images/"Select".jpg>
Package pdftex.def Info: images/"Select".jpg used on input line 35.
(pdftex.def)             Requested size: 298.75262pt x 149.51503pt.


LaTeX Warning: `h' float specifier changed to `ht'.

<images/"update".jpg, id=748, 681.29532pt x 170.13562pt>
File: images/"update".jpg Graphic file (type jpg)

<use images/"update".jpg>
Package pdftex.def Info: images/"update".jpg used on input line 50.
(pdftex.def)             Requested size: 298.75262pt x 74.60548pt.


LaTeX Warning: `h' float specifier changed to `ht'.

[13

pdfTeX warning (ext4): destination with the same identifier (name{figure.2.1}) 
has been already used, duplicate ignored

\AtBegShi@Output ...ipout \box \AtBeginShipoutBox 
                                                  \fi \fi 
l.61 \end{lstlisting}
                      <./images/insert.jpg>]
<images/"alter".jpg, id=768, 682.80093pt x 117.43875pt>
File: images/"alter".jpg Graphic file (type jpg)

<use images/"alter".jpg>
Package pdftex.def Info: images/"alter".jpg used on input line 64.
(pdftex.def)             Requested size: 298.75262pt x 51.38469pt.

Underfull \vbox (badness 10000) has occurred while \output is active []

 [14pdfTeX warning (ext4): destination with the same identifier (name{figure.2.
2}) has been already used, duplicate ignored

\AtBegShi@Output ...ipout \box \AtBeginShipoutBox 
                                                  \fi \fi 
l.70 
     pdfTeX warning (ext4): destination with the same identifier (name{figure.2
.3}) has been already used, duplicate ignored

\AtBegShi@Output ...ipout \box \AtBeginShipoutBox 
                                                  \fi \fi 
l.70 
     pdfTeX warning (ext4): destination with the same identifier (name{figure.2
.4}) has been already used, duplicate ignored

\AtBegShi@Output ...ipout \box \AtBeginShipoutBox 
                                                  \fi \fi 
l.70 
      <./images/Select.jpg> <./images/update.jpg> <./images/alter.jpg>]
<images/"drop".jpg, id=776, 689.57625pt x 124.21407pt>
File: images/"drop".jpg Graphic file (type jpg)
 <use images/"drop".jpg>
Package pdftex.def Info: images/"drop".jpg used on input line 79.
(pdftex.def)             Requested size: 298.75262pt x 53.8147pt.

<images/"delete".jpg, id=777, 682.80093pt x 116.68594pt>
File: images/"delete".jpg Graphic file (type jpg)

<use images/"delete".jpg>
Package pdftex.def Info: images/"delete".jpg used on input line 91.
(pdftex.def)             Requested size: 298.75262pt x 51.0553pt.
) (chapters/p3.tex [15pdfTeX warning (ext4): destination with the same identifi
er (name{figure.2.5}) has been already used, duplicate ignored

\AtBegShi@Output ...ipout \box \AtBeginShipoutBox 
                                                  \fi \fi 
l.1 \chapter
            {Write SQL queries using operators ($<$,$>$,=etc).}\hrulepdfTeX war
ning (ext4): destination with the same identifier (name{figure.2.6}) has been a
lready used, duplicate ignored

\AtBegShi@Output ...ipout \box \AtBeginShipoutBox 
                                                  \fi \fi 
l.1 \chapter
            {Write SQL queries using operators ($<$,$>$,=etc).}\hrule <./images
/drop.jpg> <./images/delete.jpg>]
Practical 3.

Package hyperref Warning: Token not allowed in a PDF string (PDFDocEncoding):
(hyperref)                removing `math shift' on input line 1.


Package hyperref Warning: Token not allowed in a PDF string (PDFDocEncoding):
(hyperref)                removing `math shift' on input line 1.


Package hyperref Warning: Token not allowed in a PDF string (PDFDocEncoding):
(hyperref)                removing `math shift' on input line 1.


Package hyperref Warning: Token not allowed in a PDF string (PDFDocEncoding):
(hyperref)                removing `math shift' on input line 1.

LaTeX Font Info:    Calculating math sizes for size <16> on input line 1.

LaTeX Font Warning: Font shape `OT1/cmr/m/n' in size <16> not available
(Font)              size <17.28> substituted on input line 1.


LaTeX Font Warning: Font shape `OML/cmm/m/it' in size <16> not available
(Font)              size <17.28> substituted on input line 1.


LaTeX Font Warning: Font shape `OMS/cmsy/m/n' in size <16> not available
(Font)              size <17.28> substituted on input line 1.


LaTeX Font Warning: Font shape `OMX/cmex/m/n' in size <16> not available
(Font)              size <17.28> substituted on input line 1.

<images/=.jpg, id=788, 706.43925pt x 152.9715pt>
File: images/=.jpg Graphic file (type jpg)
 <use images/=.jpg>
Package pdftex.def Info: images/=.jpg used on input line 25.
(pdftex.def)             Requested size: 298.75262pt x 64.69107pt.

<images/"opt less than".jpg, id=789, 682.9515pt x 201.1515pt>
File: images/"opt less than".jpg Graphic file (type jpg)

<use images/"opt less than".jpg>
Package pdftex.def Info: images/"opt less than".jpg used on input line 42.
(pdftex.def)             Requested size: 298.75262pt x 87.99127pt.
 [16

pdfTeX warning (ext4): destination with the same identifier (name{figure.3.1}) 
has been already used, duplicate ignored

\AtBegShi@Output ...ipout \box \AtBeginShipoutBox 
                                                  \fi \fi 
l.53 \begin{lstlisting}
                       pdfTeX warning (ext4): destination with the same identif
ier (name{figure.3.2}) has been already used, duplicate ignored

\AtBegShi@Output ...ipout \box \AtBeginShipoutBox 
                                                  \fi \fi 
l.53 \begin{lstlisting}
                        <./images/=.jpg> <./images/opt less than.jpg>]
<images/"operator greater than".jpg, id=801, 685.96275pt x 204.765pt>
File: images/"operator greater than".jpg Graphic file (type jpg)

<use images/"operator greater than".jpg>
Package pdftex.def Info: images/"operator greater than".jpg used on input line 
60.
(pdftex.def)             Requested size: 298.75262pt x 89.1814pt.

<images/greatr=.jpg, id=802, 682.34924pt x 177.0615pt>
File: images/greatr=.jpg Graphic file (type jpg)

<use images/greatr=.jpg>
Package pdftex.def Info: images/greatr=.jpg used on input line 77.
(pdftex.def)             Requested size: 298.75262pt x 77.52094pt.
 <images/less=.jpg, id=803, 682.34924pt x 174.6525pt>
File: images/less=.jpg Graphic file (type jpg)

<use images/less=.jpg>
Package pdftex.def Info: images/less=.jpg used on input line 94.
(pdftex.def)             Requested size: 298.75262pt x 76.46623pt.
) (chapters/p4.tex [17pdfTeX warning (ext4): destination with the same identifi
er (name{figure.3.3}) has been already used, duplicate ignored

\AtBegShi@Output ...ipout \box \AtBeginShipoutBox 
                                                  \fi \fi 
l.1 \chapter
            {Write SQL queries using SQL operators (Between, AND, OR, IN, Li...
pdfTeX warning (ext4): destination with the same identifier (name{figure.3.4}) 
has been already used, duplicate ignored

\AtBegShi@Output ...ipout \box \AtBeginShipoutBox 
                                                  \fi \fi 
l.1 \chapter
            {Write SQL queries using SQL operators (Between, AND, OR, IN, Li...
pdfTeX warning (ext4): destination with the same identifier (name{figure.3.5}) 
has been already used, duplicate ignored

\AtBegShi@Output ...ipout \box \AtBeginShipoutBox 
                                                  \fi \fi 
l.1 \chapter
            {Write SQL queries using SQL operators (Between, AND, OR, IN, Li...
 <./images/operator greater than.jpg> <./images/greatr=.jpg> <./images/less=.jp
g>]
Practical 4.
<images/"Capture".png, id=818, 801.74532pt x 105.39375pt>
File: images/"Capture".png Graphic file (type png)

<use images/"Capture".png>
Package pdftex.def Info: images/"Capture".png used on input line 15.
(pdftex.def)             Requested size: 298.75262pt x 39.27328pt.

<images/"OR (1)".png, id=819, 806.26219pt x 129.48375pt>
File: images/"OR (1)".png Graphic file (type png)

<use images/"OR (1)".png>
Package pdftex.def Info: images/"OR (1)".png used on input line 31.
(pdftex.def)             Requested size: 298.75262pt x 47.97935pt.

Underfull \vbox (badness 10000) has occurred while \output is active []

 [18

pdfTeX warning (ext4): destination with the same identifier (name{figure.4.1}) 
has been already used, duplicate ignored

\AtBegShi@Output ...ipout \box \AtBeginShipoutBox 
                                                  \fi \fi 
l.37 
     pdfTeX warning (ext4): destination with the same identifier (name{figure.4
.2}) has been already used, duplicate ignored

\AtBegShi@Output ...ipout \box \AtBeginShipoutBox 
                                                  \fi \fi 
l.37 
      <./images/Capture.png> <./images/OR (1).png>]
<images/"AND N OR (1)".png, id=834, 801.74532pt x 128.73094pt>
File: images/"AND N OR (1)".png Graphic file (type png)

<use images/"AND N OR (1)".png>
Package pdftex.def Info: images/"AND N OR (1)".png used on input line 50.
(pdftex.def)             Requested size: 298.75262pt x 47.96951pt.

<images/"BETWEEN (1)".png, id=835, 804.00375pt x 212.29312pt>
File: images/"BETWEEN (1)".png Graphic file (type png)

<use images/"BETWEEN (1)".png>
Package pdftex.def Info: images/"BETWEEN (1)".png used on input line 68.
(pdftex.def)             Requested size: 298.75262pt x 78.88411pt.

<images/"IN (1)".png, id=836, 804.00375pt x 155.07938pt>
File: images/"IN (1)".png Graphic file (type png)

<use images/"IN (1)".png>
Package pdftex.def Info: images/"IN (1)".png used on input line 87.
(pdftex.def)             Requested size: 298.75262pt x 57.62456pt.
 [19pdfTeX warning (ext4): destination with the same identifier (name{figure.4.
3}) has been already used, duplicate ignored

\AtBegShi@Output ...ipout \box \AtBeginShipoutBox 
                                                  \fi \fi 
l.96 
     pdfTeX warning (ext4): destination with the same identifier (name{figure.4
.4}) has been already used, duplicate ignored

\AtBegShi@Output ...ipout \box \AtBeginShipoutBox 
                                                  \fi \fi 
l.96 
     pdfTeX warning (ext4): destination with the same identifier (name{figure.4
.5}) has been already used, duplicate ignored

\AtBegShi@Output ...ipout \box \AtBeginShipoutBox 
                                                  \fi \fi 
l.96 
      <./images/AND N OR (1).png> <./images/BETWEEN (1).png> <./images/IN (1).p
ng>] <images/"NULL (1)".png, id=855, 804.00375pt x 34.62938pt>
File: images/"NULL (1)".png Graphic file (type png)

<use images/"NULL (1)".png>
Package pdftex.def Info: images/"NULL (1)".png used on input line 103.
(pdftex.def)             Requested size: 298.75262pt x 12.86761pt.

<images/"like1 (1)".png, id=856, 803.25093pt x 154.32657pt>
File: images/"like1 (1)".png Graphic file (type png)

<use images/"like1 (1)".png>
Package pdftex.def Info: images/"like1 (1)".png used on input line 116.
(pdftex.def)             Requested size: 298.75262pt x 57.39899pt.

<images/"like2 (1)".png, id=857, 803.25093pt x 146.04562pt>
File: images/"like2 (1)".png Graphic file (type png)

<use images/"like2 (1)".png>
Package pdftex.def Info: images/"like2 (1)".png used on input line 129.
(pdftex.def)             Requested size: 298.75262pt x 54.31903pt.
) (chapters/p5.tex [20pdfTeX warning (ext4): destination with the same identifi
er (name{figure.4.6}) has been already used, duplicate ignored

\AtBegShi@Output ...ipout \box \AtBeginShipoutBox 
                                                  \fi \fi 
l.1 \chapter
            {Write SQL query using character, number, date and group functio...
pdfTeX warning (ext4): destination with the same identifier (name{figure.4.7}) 
has been already used, duplicate ignored

\AtBegShi@Output ...ipout \box \AtBeginShipoutBox 
                                                  \fi \fi 
l.1 \chapter
            {Write SQL query using character, number, date and group functio...
pdfTeX warning (ext4): destination with the same identifier (name{figure.4.8}) 
has been already used, duplicate ignored

\AtBegShi@Output ...ipout \box \AtBeginShipoutBox 
                                                  \fi \fi 
l.1 \chapter
            {Write SQL query using character, number, date and group functio...
 <./images/NULL (1).png> <./images/like1 (1).png> <./images/like2 (1).png>]
Practical 5.
<images/Charactertypes.png, id=874, 399.74344pt x 134.00063pt>
File: images/Charactertypes.png Graphic file (type png)

<use images/Charactertypes.png>
Package pdftex.def Info: images/Charactertypes.png used on input line 14.
(pdftex.def)             Requested size: 298.75262pt x 100.1526pt.

<images/"UCASE".png, id=875, 742.27313pt x 188.20313pt>
File: images/"UCASE".png Graphic file (type png)

<use images/"UCASE".png>
Package pdftex.def Info: images/"UCASE".png used on input line 27.
(pdftex.def)             Requested size: 298.75262pt x 75.748pt.

<images/"LCASE".png, id=876, 728.7225pt x 155.07938pt>
File: images/"LCASE".png Graphic file (type png)

<use images/"LCASE".png>
Package pdftex.def Info: images/"LCASE".png used on input line 40.
(pdftex.def)             Requested size: 298.75262pt x 63.57584pt.


LaTeX Warning: `h' float specifier changed to `ht'.

[21

pdfTeX warning (ext4): destination with the same identifier (name{figure.5.1}) 
has been already used, duplicate ignored

\AtBegShi@Output ...ipout \box \AtBeginShipoutBox 
                                                  \fi \fi 
l.50 \end{lstlisting}
                     pdfTeX warning (ext4): destination with the same identifie
r (name{figure.5.2}) has been already used, duplicate ignored

\AtBegShi@Output ...ipout \box \AtBeginShipoutBox 
                                                  \fi \fi 
l.50 \end{lstlisting}
                      <./images/Charactertypes.png> <./images/UCASE.png>]
<images/"MID".png, id=889, 326.72063pt x 182.93344pt>
File: images/"MID".png Graphic file (type png)
 <use images/"MID".png>
Package pdftex.def Info: images/"MID".png used on input line 53.
(pdftex.def)             Requested size: 298.75262pt x 167.27357pt.

<images/AVG.png, id=890, 350.05782pt x 83.5622pt>
File: images/AVG.png Graphic file (type png)
 <use images/AVG.png>
Package pdftex.def Info: images/AVG.png used on input line 68.
(pdftex.def)             Requested size: 298.75262pt x 71.32018pt.

<images/COUNT.png, id=891, 293.59688pt x 82.05656pt>
File: images/COUNT.png Graphic file (type png)
 <use images/COUNT.png>
Package pdftex.def Info: images/COUNT.png used on input line 81.
(pdftex.def)             Requested size: 298.75262pt x 83.49748pt.


LaTeX Warning: `h' float specifier changed to `ht'.

[22pdfTeX warning (ext4): destination with the same identifier (name{figure.5.3
}) has been already used, duplicate ignored

\AtBegShi@Output ...ipout \box \AtBeginShipoutBox 
                                                  \fi \fi 
l.89 \begin{lstlisting}
                       pdfTeX warning (ext4): destination with the same identif
ier (name{figure.5.4}) has been already used, duplicate ignored

\AtBegShi@Output ...ipout \box \AtBeginShipoutBox 
                                                  \fi \fi 
l.89 \begin{lstlisting}
                       pdfTeX warning (ext4): destination with the same identif
ier (name{figure.5.5}) has been already used, duplicate ignored

\AtBegShi@Output ...ipout \box \AtBeginShipoutBox 
                                                  \fi \fi 
l.89 \begin{lstlisting}
                        <./images/LCASE.png> <./images/MID.png> <./images/AVG.p
ng>] <images/"first".png, id=906, 376.40625pt x 83.5622pt>
File: images/"first".png Graphic file (type png)

<use images/"first".png>
Package pdftex.def Info: images/"first".png used on input line 94.
(pdftex.def)             Requested size: 298.75262pt x 66.32834pt.
 <images/Last.png, id=907, 398.23781pt x 90.3375pt>
File: images/Last.png Graphic file (type png)

<use images/Last.png>
Package pdftex.def Info: images/Last.png used on input line 107.
(pdftex.def)             Requested size: 298.75262pt x 67.77223pt.
File: images/Last.png Graphic file (type png)
 <use images/Last.png>
Package pdftex.def Info: images/Last.png used on input line 120.
(pdftex.def)             Requested size: 298.75262pt x 67.77223pt.


LaTeX Warning: `h' float specifier changed to `ht'.

<images/MIN.png, id=908, 296.60812pt x 73.77562pt>
File: images/MIN.png Graphic file (type png)
 <use images/MIN.png>
Package pdftex.def Info: images/MIN.png used on input line 133.
(pdftex.def)             Requested size: 298.75262pt x 74.31238pt.


LaTeX Warning: `h' float specifier changed to `ht'.

[23pdfTeX warning (ext4): destination with the same identifier (name{figure.5.6
}) has been already used, duplicate ignored

\AtBegShi@Output ...ipout \box \AtBeginShipoutBox 
                                                  \fi \fi 
l.143 \end{lstlisting}
                      pdfTeX warning (ext4): destination with the same identifi
er (name{figure.5.7}) has been already used, duplicate ignored

\AtBegShi@Output ...ipout \box \AtBeginShipoutBox 
                                                  \fi \fi 
l.143 \end{lstlisting}
                      pdfTeX warning (ext4): destination with the same identifi
er (name{figure.5.8}) has been already used, duplicate ignored

\AtBegShi@Output ...ipout \box \AtBeginShipoutBox 
                                                  \fi \fi 
l.143 \end{lstlisting}
                       <./images/COUNT.png> <./images/first.png> <./images/Last
.png>] <images/SUM.png, id=924, 321.45094pt x 76.03406pt>
File: images/SUM.png Graphic file (type png)
 <use images/SUM.png>
Package pdftex.def Info: images/SUM.png used on input line 146.
(pdftex.def)             Requested size: 298.75262pt x 70.66684pt.

<images/GROUPBY.png, id=925, 495.35063pt x 116.68594pt>
File: images/GROUPBY.png Graphic file (type png)

<use images/GROUPBY.png>
Package pdftex.def Info: images/GROUPBY.png used on input line 164.
(pdftex.def)             Requested size: 298.75262pt x 70.3753pt.


LaTeX Warning: `h' float specifier changed to `ht'.


Underfull \vbox (badness 6188) has occurred while \output is active []

 [24pdfTeX warning (ext4): destination with the same identifier (name{figure.5.
9}) has been already used, duplicate ignored

\AtBegShi@Output ...ipout \box \AtBeginShipoutBox 
                                                  \fi \fi 
l.169 
      pdfTeX warning (ext4): destination with the same identifier (name{figure.
5.10}) has been already used, duplicate ignored

\AtBegShi@Output ...ipout \box \AtBeginShipoutBox 
                                                  \fi \fi 
l.169 
      pdfTeX warning (ext4): destination with the same identifier (name{figure.
5.11}) has been already used, duplicate ignored

\AtBegShi@Output ...ipout \box \AtBeginShipoutBox 
                                                  \fi \fi 
l.169 
       <./images/MIN.png> <./images/SUM.png>]
<images/HAVING.png, id=939, 478.78876pt x 168.63pt>
File: images/HAVING.png Graphic file (type png)
 <use images/HAVING.png>
Package pdftex.def Info: images/HAVING.png used on input line 181.
(pdftex.def)             Requested size: 298.75262pt x 105.22108pt.

[25pdfTeX warning (ext4): destination with the same identifier (name{figure.5.1
2}) has been already used, duplicate ignored

\AtBegShi@Output ...ipout \box \AtBeginShipoutBox 
                                                  \fi \fi 
l.209 	\item \textbf
                    {DATE-FORMAT()}-Displays date/time data in different for...
pdfTeX warning (ext4): destination with the same identifier (name{figure.5.13})
 has been already used, duplicate ignored

\AtBegShi@Output ...ipout \box \AtBeginShipoutBox 
                                                  \fi \fi 
l.209 	\item \textbf
                    {DATE-FORMAT()}-Displays date/time data in different for...
 <./images/GROUPBY.png> <./images/HAVING.png>]
<images/DATE-FORMAT.png, id=956, 748.29562pt x 252.945pt>
File: images/DATE-FORMAT.png Graphic file (type png)

<use images/DATE-FORMAT.png>
Package pdftex.def Info: images/DATE-FORMAT.png used on input line 220.
(pdftex.def)             Requested size: 298.75262pt x 100.98708pt.
) (chapters/p6.tex [26pdfTeX warning (ext4): destination with the same identifi
er (name{figure.5.14}) has been already used, duplicate ignored

\AtBegShi@Output ...ipout \box \AtBeginShipoutBox 
                                                  \fi \fi 
l.1 \chapter
            {Write SQL queries for Relational Algebra(UNION, INTERSECT and M...
 <./images/DATE-FORMAT.png>]
Practical 6.

Underfull \hbox (badness 10000) in paragraph at lines 4--7

 []

<images/"union 1".png, id=969, 805.50937pt x 298.11375pt>
File: images/"union 1".png Graphic file (type png)

<use images/"union 1".png>
Package pdftex.def Info: images/"union 1".png used on input line 25.
(pdftex.def)             Requested size: 298.75262pt x 110.5642pt.
 [27

pdfTeX warning (ext4): destination with the same identifier (name{figure.6.1}) 
has been already used, duplicate ignored

\AtBegShi@Output ...ipout \box \AtBeginShipoutBox 
                                                  \fi \fi 
l.44 UNION 
           ALL <./images/union 1.png>]
<images/"union all 2".png, id=985, 807.015pt x 302.63063pt>
File: images/"union all 2".png Graphic file (type png)

<use images/"union all 2".png>
Package pdftex.def Info: images/"union all 2".png used on input line 50.
(pdftex.def)             Requested size: 298.75262pt x 112.0316pt.

<images/"v".png, id=986, 301.125pt x 206.7725pt>
File: images/"v".png Graphic file (type png)
 <use images/"v".png>
Package pdftex.def Info: images/"v".png used on input line 59.
(pdftex.def)             Requested size: 213.39566pt x 146.53815pt.

Underfull \vbox (badness 10000) has occurred while \output is active []

 [28pdfTeX warning (ext4): destination with the same identifier (name{figure.6.
2}) has been already used, duplicate ignored

\AtBegShi@Output ...ipout \box \AtBeginShipoutBox 
                                                  \fi \fi 
l.65 \begin{lstlisting}
                       pdfTeX warning (ext4): destination with the same identif
ier (name{figure.6.3}) has been already used, duplicate ignored

\AtBegShi@Output ...ipout \box \AtBeginShipoutBox 
                                                  \fi \fi 
l.65 \begin{lstlisting}
                        <./images/union all 2.png> <./images/v.png>]
<images/"intersect 3".png, id=998, 641.39626pt x 268.75406pt>
File: images/"intersect 3".png Graphic file (type png)

<use images/"intersect 3".png>
Package pdftex.def Info: images/"intersect 3".png used on input line 72.
(pdftex.def)             Requested size: 298.75262pt x 125.18259pt.

<images/minus.png, id=999, 774.64406pt x 271.76532pt>
File: images/minus.png Graphic file (type png)
 <use images/minus.png>
Package pdftex.def Info: images/minus.png used on input line 97.
(pdftex.def)             Requested size: 298.75262pt x 104.81035pt.
)
(chapters/p7.tex [29pdfTeX warning (ext4): destination with the same identifier
 (name{figure.6.4}) has been already used, duplicate ignored

\AtBegShi@Output ...ipout \box \AtBeginShipoutBox 
                                                  \fi \fi 
l.1 \chapter
            {Write SQL queries for extracting data from more than one table ...
pdfTeX warning (ext4): destination with the same identifier (name{figure.6.5}) 
has been already used, duplicate ignored

\AtBegShi@Output ...ipout \box \AtBeginShipoutBox 
                                                  \fi \fi 
l.1 \chapter
            {Write SQL queries for extracting data from more than one table ...
 <./images/intersect 3.png> <./images/minus.png>]
Practical 7.

Underfull \hbox (badness 10000) in paragraph at lines 3--4

 []

<images/"1ST QUERY".png, id=1014, 655.69969pt x 108.405pt>
File: images/"1ST QUERY".png Graphic file (type png)

<use images/"1ST QUERY".png>
Package pdftex.def Info: images/"1ST QUERY".png used on input line 18.
(pdftex.def)             Requested size: 298.75262pt x 49.39217pt.

<images/"2ND query(7th)".png, id=1015, 618.81187pt x 149.8097pt>
File: images/"2ND query(7th)".png Graphic file (type png)

<use images/"2ND query(7th)".png>
Package pdftex.def Info: images/"2ND query(7th)".png used on input line 37.
(pdftex.def)             Requested size: 298.75262pt x 72.32843pt.
 [30

pdfTeX warning (ext4): destination with the same identifier (name{figure.7.1}) 
has been already used, duplicate ignored

\AtBegShi@Output ...ipout \box \AtBeginShipoutBox 
                                                  \fi \fi 
l.46 
     pdfTeX warning (ext4): destination with the same identifier (name{figure.7
.2}) has been already used, duplicate ignored

\AtBegShi@Output ...ipout \box \AtBeginShipoutBox 
                                                  \fi \fi 
l.46 
      <./images/1ST QUERY.png> <./images/2ND query(7th).png>]
<images/"3rd query".png, id=1032, 475.7775pt x 137.01187pt>
File: images/"3rd query".png Graphic file (type png)

<use images/"3rd query".png>
Package pdftex.def Info: images/"3rd query".png used on input line 56.
(pdftex.def)             Requested size: 298.75262pt x 86.03778pt.

<images/"4th q(7th)".png, id=1033, 615.0478pt x 174.6525pt>
File: images/"4th q(7th)".png Graphic file (type png)

<use images/"4th q(7th)".png>
Package pdftex.def Info: images/"4th q(7th)".png used on input line 73.
(pdftex.def)             Requested size: 298.75262pt x 84.83693pt.

Underfull \vbox (badness 10000) has occurred while \output is active []

 [31pdfTeX warning (ext4): destination with the same identifier (name{figure.7.
3}) has been already used, duplicate ignored

\AtBegShi@Output ...ipout \box \AtBeginShipoutBox 
                                                  \fi \fi 
l.78 \section
             {CROSS JOIN}pdfTeX warning (ext4): destination with the same ident
ifier (name{figure.7.4}) has been already used, duplicate ignored

\AtBegShi@Output ...ipout \box \AtBeginShipoutBox 
                                                  \fi \fi 
l.78 \section
             {CROSS JOIN} <./images/3rd query.png> <./images/4th q(7th).png>]
<images/"5th query(7th)".png, id=1050, 666.99188pt x 299.61937pt>
File: images/"5th query(7th)".png Graphic file (type png)

<use images/"5th query(7th)".png>
Package pdftex.def Info: images/"5th query(7th)".png used on input line 90.
(pdftex.def)             Requested size: 298.75262pt x 134.2057pt.
 [32pdfTeX warning (ext4): destination with the same identifier (name{figure.7.
5}) has been already used, duplicate ignored

\AtBegShi@Output ...ipout \box \AtBeginShipoutBox 
                                                  \fi \fi 
l.95 \chapter
             {Write SQL queries for sub queries, nested queries.}\hrule <./imag
es/5th query(7th).png>]
Practical 8.
<images/"Company Table".png, id=1060, 236.885pt x 154.07562pt>
File: images/"Company Table".png Graphic file (type png)

<use images/"Company Table".png>
Package pdftex.def Info: images/"Company Table".png used on input line 139.
(pdftex.def)             Requested size: 298.75262pt x 194.32204pt.


LaTeX Warning: `h' float specifier changed to `ht'.


<images/"Subquery With Select Statement".png, id=1061, 238.8925pt x 154.5775pt>
File: images/"Subquery With Select Statement".png Graphic file (type png)
<use images/"Subquery With Select Statement".png>
Package pdftex.def Info: images/"Subquery With Select Statement".png used on in
put line 158.
(pdftex.def)             Requested size: 298.75262pt x 193.3228pt.


LaTeX Warning: `h' float specifier changed to `ht'.

[33

] [34pdfTeX warning (ext4): destination with the same identifier (name{figure.8
.1}) has been already used, duplicate ignored

\AtBegShi@Output ...ipout \box \AtBeginShipoutBox 
                                                  \fi \fi 
l.184 \end{itemize}
                   pdfTeX warning (ext4): destination with the same identifier 
(name{figure.8.2}) has been already used, duplicate ignored

\AtBegShi@Output ...ipout \box \AtBeginShipoutBox 
                                                  \fi \fi 
l.184 \end{itemize}
                    <./images/Company Table.png> <./images/Subquery With Select
 Statement.png>]
<images/"Subquery With Update Statement".png, id=1093, 237.38687pt x 154.07562p
t>
File: images/"Subquery With Update Statement".png Graphic file (type png)
 <use images/"Subquery With Update Statement".png>
Package pdftex.def Info: images/"Subquery With Update Statement".png used on in
put line 210.
(pdftex.def)             Requested size: 298.75262pt x 193.91295pt.

<images/"Subquery With Delete Statement".png, id=1094, 237.88875pt x 100.87688p
t>
File: images/"Subquery With Delete Statement".png Graphic file (type png)
 <use images/"Subquery With Delete Statement".png>
Package pdftex.def Info: images/"Subquery With Delete Statement".png used on in
put line 241.
(pdftex.def)             Requested size: 298.75262pt x 126.693pt.


LaTeX Warning: `h' float specifier changed to `ht'.

[35pdfTeX warning (ext4): destination with the same identifier (name{figure.8.3
}) has been already used, duplicate ignored

\AtBegShi@Output ...ipout \box \AtBeginShipoutBox 
                                                  \fi \fi 
l.245 \chapter
              {Creation, altering and droping of tables and inserting rows i...
 <./images/Subquery With Update Statement.png>] [36pdfTeX warning (ext4): desti
nation with the same identifier (name{figure.8.4}) has been already used, dupli
cate ignored

\AtBegShi@Output ...ipout \box \AtBeginShipoutBox 
                                                  \fi \fi 
l.245 \chapter
              {Creation, altering and droping of tables and inserting rows i...
 <./images/Subquery With Delete Statement.png>]
Practical 9.
<images/"NOT NULL Constraint".png, id=1125, 686.06313pt x 88.83188pt>
File: images/"NOT NULL Constraint".png Graphic file (type png)

<use images/"NOT NULL Constraint".png>
Package pdftex.def Info: images/"NOT NULL Constraint".png used on input line 29
0.
(pdftex.def)             Requested size: 298.75262pt x 38.68356pt.
 [37

pdfTeX warning (ext4): destination with the same identifier (name{figure.9.1}) 
has been already used, duplicate ignored

\AtBegShi@Output ...ipout \box \AtBeginShipoutBox 
                                                  \fi \fi 
l.309 \end{lstlisting}
                       <./images/NOT NULL Constraint.png>]
<images/"Unique Constraint".png, id=1142, 684.5575pt x 91.34125pt>
File: images/"Unique Constraint".png Graphic file (type png)

<use images/"Unique Constraint".png>
Package pdftex.def Info: images/"Unique Constraint".png used on input line 315.

(pdftex.def)             Requested size: 298.75262pt x 39.86412pt.

<images/"Primary Key Constraint".png, id=1143, 685.05937pt x 90.83937pt>
File: images/"Primary Key Constraint".png Graphic file (type png)

<use images/"Primary Key Constraint".png>
Package pdftex.def Info: images/"Primary Key Constraint".png used on input line
 348.
(pdftex.def)             Requested size: 298.75262pt x 39.61598pt.
 [38pdfTeX warning (ext4): destination with the same identifier (name{figure.9.
2}) has been already used, duplicate ignored

\AtBegShi@Output ...ipout \box \AtBeginShipoutBox 
                                                  \fi \fi 
l.362 \end{enumerate}
                     pdfTeX warning (ext4): destination with the same identifie
r (name{figure.9.3}) has been already used, duplicate ignored

\AtBegShi@Output ...ipout \box \AtBeginShipoutBox 
                                                  \fi \fi 
l.362 \end{enumerate}
                      <./images/Unique Constraint.png> <./images/Primary Key Co
nstraint.png>]
<images/"Foreign Key Constraint".png, id=1168, 685.05937pt x 61.22874pt>
File: images/"Foreign Key Constraint".png Graphic file (type png)

<use images/"Foreign Key Constraint".png>
Package pdftex.def Info: images/"Foreign Key Constraint".png used on input line
 392.
(pdftex.def)             Requested size: 298.75262pt x 26.70247pt.

<images/"Check Constraint".png, id=1169, 686.06313pt x 89.83563pt>
File: images/"Check Constraint".png Graphic file (type png)

<use images/"Check Constraint".png>
Package pdftex.def Info: images/"Check Constraint".png used on input line 423.
(pdftex.def)             Requested size: 298.75262pt x 39.12067pt.


LaTeX Warning: `h' float specifier changed to `ht'.

[39pdfTeX warning (ext4): destination with the same identifier (name{figure.9.4
}) has been already used, duplicate ignored

\AtBegShi@Output ...ipout \box \AtBeginShipoutBox 
                                                  \fi \fi 
l.433 	\item 	A
               t least one of these operator comparisons will return false o...
 <./images/Foreign Key Constraint.png>]
<images/"Exclusion Constraint (Before Inserting Excluded Data)".png, id=1201, 4
37.13312pt x 71.76813pt>
File: images/"Exclusion Constraint (Before Inserting Excluded Data)".png Graphi
c file (type png)

<use images/"Exclusion Constraint (Before Inserting Excluded Data)".png>
Package pdftex.def Info: images/"Exclusion Constraint (Before Inserting Exclude
d Data)".png used on input line 462.
(pdftex.def)             Requested size: 298.75262pt x 49.04915pt.

<images/"Exclusion Constraint (After Inserting Excluded Data)".png, id=1203, 46
6.74374pt x 138.01563pt>
File: images/"Exclusion Constraint (After Inserting Excluded Data)".png Graphic
 file (type png)

<use images/"Exclusion Constraint (After Inserting Excluded Data)".png>
Package pdftex.def Info: images/"Exclusion Constraint (After Inserting Excluded
 Data)".png used on input line 479.
(pdftex.def)             Requested size: 298.75262pt x 88.34442pt.


LaTeX Warning: `h' float specifier changed to `ht'.

[40pdfTeX warning (ext4): destination with the same identifier (name{figure.9.5
}) has been already used, duplicate ignored

\AtBegShi@Output ...ipout \box \AtBeginShipoutBox 
                                                  \fi \fi 
l.495 ALTER 
            TABLE table_name DROP CONSTRAINT some_name;pdfTeX warning (ext4): d
estination with the same identifier (name{figure.9.6}) has been already used, d
uplicate ignored

\AtBegShi@Output ...ipout \box \AtBeginShipoutBox 
                                                  \fi \fi 
l.495 ALTER 
            TABLE table_name DROP CONSTRAINT some_name; <./images/Check Constra
int.png> <./images/Exclusion Constraint (Before Inserting Excluded Data).png>]
<images/"Drop Constraint".png, id=1230, 684.05562pt x 90.83937pt>
File: images/"Drop Constraint".png Graphic file (type png)

<use images/"Drop Constraint".png>
Package pdftex.def Info: images/"Drop Constraint".png used on input line 512.
(pdftex.def)             Requested size: 298.75262pt x 39.6742pt.
) (chapters/p8.tex [41pdfTeX warning (ext4): destination with the same identifi
er (name{figure.9.7}) has been already used, duplicate ignored

\AtBegShi@Output ...ipout \box \AtBeginShipoutBox 
                                                  \fi \fi 
l.1 \chapter
            {Write SQL queries for sub queries, nested queries.}\hrulepdfTeX wa
rning (ext4): destination with the same identifier (name{figure.9.8}) has been 
already used, duplicate ignored

\AtBegShi@Output ...ipout \box \AtBeginShipoutBox 
                                                  \fi \fi 
l.1 \chapter
            {Write SQL queries for sub queries, nested queries.}\hrule <./image
s/Exclusion Constraint (After Inserting Excluded Data).png> <./images/Drop Cons
traint.png>]
Practical 10.
File: images/"Company Table".png Graphic file (type png)
<use images/"Company Table".png>
Package pdftex.def Info: images/"Company Table".png used on input line 45.
(pdftex.def)             Requested size: 298.75262pt x 194.32204pt.


LaTeX Warning: `h' float specifier changed to `ht'.

File: images/"Subquery With Select Statement".png Graphic file (type png)
<use images/"Subquery With Select Statement".png>
Package pdftex.def Info: images/"Subquery With Select Statement".png used on in
put line 64.
(pdftex.def)             Requested size: 298.75262pt x 193.3228pt.


LaTeX Warning: `h' float specifier changed to `ht'.

[42

] [43pdfTeX warning (ext4): destination with the same identifier (name{figure.1
0.1}) has been already used, duplicate ignored

\AtBegShi@Output ...ipout \box \AtBeginShipoutBox 
                                                  \fi \fi 
l.85 \section
             {Subqueries with the UPDATE Statement:}pdfTeX warning (ext4): dest
ination with the same identifier (name{figure.10.2}) has been already used, dup
licate ignored

\AtBegShi@Output ...ipout \box \AtBeginShipoutBox 
                                                  \fi \fi 
l.85 \section
             {Subqueries with the UPDATE Statement:}]
File: images/"Subquery With Update Statement".png Graphic file (type png)

<use images/"Subquery With Update Statement".png>
Package pdftex.def Info: images/"Subquery With Update Statement".png used on in
put line 116.
(pdftex.def)             Requested size: 298.75262pt x 193.91295pt.

Underfull \vbox (badness 10000) has occurred while \output is active []

 [44pdfTeX warning (ext4): destination with the same identifier (name{figure.10
.3}) has been already used, duplicate ignored

\AtBegShi@Output ...ipout \box \AtBeginShipoutBox 
                                                  \fi \fi 
l.121 \section
              {Subqueries with the DELETE Statement:}]
File: images/"Subquery With Delete Statement".png Graphic file (type png)

<use images/"Subquery With Delete Statement".png>
Package pdftex.def Info: images/"Subquery With Delete Statement".png used on in
put line 148.
(pdftex.def)             Requested size: 298.75262pt x 126.693pt.
) (chapters/p9.tex [45pdfTeX warning (ext4): destination with the same identifi
er (name{figure.10.4}) has been already used, duplicate ignored

\AtBegShi@Output ...ipout \box \AtBeginShipoutBox 
                                                  \fi \fi 
l.1 \chapter
            {Creation, altering and droping of tables and inserting rows int...
]
Practical 11.
File: images/"NOT NULL Constraint".png Graphic file (type png)
<use images/"NOT NULL Constraint".png>
Package pdftex.def Info: images/"NOT NULL Constraint".png used on input line 46
.
(pdftex.def)             Requested size: 298.75262pt x 38.68356pt.
 [46

pdfTeX warning (ext4): destination with the same identifier (name{figure.11.1})
 has been already used, duplicate ignored

\AtBegShi@Output ...ipout \box \AtBeginShipoutBox 
                                                  \fi \fi 
l.64  
      );]
File: images/"Unique Constraint".png Graphic file (type png)
 <use images/"Unique Constraint".png>
Package pdftex.def Info: images/"Unique Constraint".png used on input line 71.
(pdftex.def)             Requested size: 298.75262pt x 39.86412pt.
File: images/"Primary Key Constraint".png Graphic file (type png)

<use images/"Primary Key Constraint".png>
Package pdftex.def Info: images/"Primary Key Constraint".png used on input line
 104.
(pdftex.def)             Requested size: 298.75262pt x 39.61598pt.
 [47pdfTeX warning (ext4): destination with the same identifier (name{figure.11
.2}) has been already used, duplicate ignored

\AtBegShi@Output ...ipout \box \AtBeginShipoutBox 
                                                  \fi \fi 
l.115 	\item T
              hey are called foreign keys because the constraints are foreig...
pdfTeX warning (ext4): destination with the same identifier (name{figure.11.3})
 has been already used, duplicate ignored

\AtBegShi@Output ...ipout \box \AtBeginShipoutBox 
                                                  \fi \fi 
l.115 	\item T
              hey are called foreign keys because the constraints are foreig...
]
File: images/"Foreign Key Constraint".png Graphic file (type png)
 <use images/"Foreign Key Constraint".png>
Package pdftex.def Info: images/"Foreign Key Constraint".png used on input line
 148.
(pdftex.def)             Requested size: 298.75262pt x 26.70247pt.
 [48pdfTeX warning (ext4): destination with the same identifier (name{figure.11
.4}) has been already used, duplicate ignored

\AtBegShi@Output ...ipout \box \AtBeginShipoutBox 
                                                  \fi \fi 
l.165 \begin{lstlisting}
                        ]
File: images/"Check Constraint".png Graphic file (type png)
 <use images/"Check Constraint".png>
Package pdftex.def Info: images/"Check Constraint".png used on input line 179.
(pdftex.def)             Requested size: 298.75262pt x 39.12067pt.
File: images/"Exclusion Constraint (Before Inserting Excluded Data)".png Graphi
c file (type png)

<use images/"Exclusion Constraint (Before Inserting Excluded Data)".png>
Package pdftex.def Info: images/"Exclusion Constraint (Before Inserting Exclude
d Data)".png used on input line 218.
(pdftex.def)             Requested size: 298.75262pt x 49.04915pt.

[49pdfTeX warning (ext4): destination with the same identifier (name{figure.11.
5}) has been already used, duplicate ignored

\AtBegShi@Output ...ipout \box \AtBeginShipoutBox 
                                                  \fi \fi 
l.231 \textbf{Result:}
                      pdfTeX warning (ext4): destination with the same identifi
er (name{figure.11.6}) has been already used, duplicate ignored

\AtBegShi@Output ...ipout \box \AtBeginShipoutBox 
                                                  \fi \fi 
l.231 \textbf{Result:}
                      ]
File: images/"Exclusion Constraint (After Inserting Excluded Data)".png Graphic
 file (type png)

<use images/"Exclusion Constraint (After Inserting Excluded Data)".png>
Package pdftex.def Info: images/"Exclusion Constraint (After Inserting Excluded
 Data)".png used on input line 235.
(pdftex.def)             Requested size: 298.75262pt x 88.34442pt.
File: images/"Drop Constraint".png Graphic file (type png)

<use images/"Drop Constraint".png>
Package pdftex.def Info: images/"Drop Constraint".png used on input line 268.
(pdftex.def)             Requested size: 298.75262pt x 39.6742pt.
)
Package atveryend Info: Empty hook `BeforeClearDocument' on input line 15.
 [50pdfTeX warning (ext4): destination with the same identifier (name{figure.11
.7}) has been already used, duplicate ignored

\AtBegShi@Output ...ipout \box \AtBeginShipoutBox 
                                                  \fi \fi 
l.15 \end{document}
                   pdfTeX warning (ext4): destination with the same identifier 
(name{figure.11.8}) has been already used, duplicate ignored

\AtBegShi@Output ...ipout \box \AtBeginShipoutBox 
                                                  \fi \fi 
l.15 \end{document}
                   ]
Package atveryend Info: Empty hook `AfterLastShipout' on input line 15.
 (MainFile.aux)
Package atveryend Info: Executing hook `AtVeryEndDocument' on input line 15.
Package atveryend Info: Executing hook `AtEndAfterFileList' on input line 15.


Package rerunfilecheck Warning: File `MainFile.out' has changed.
(rerunfilecheck)                Rerun to get outlines right
(rerunfilecheck)                or use package `bookmark'.

Package rerunfilecheck Info: Checksums for `MainFile.out':
(rerunfilecheck)             Before: 86B9958BC29C193AE4F01204D8E0097A;7547
(rerunfilecheck)             After:  66AC556A05DCFBB337B8A321AC380AB9;7538.

LaTeX Font Warning: Size substitutions with differences
(Font)              up to 1.28pt have occurred.


LaTeX Warning: There were multiply-defined labels.

Package atveryend Info: Empty hook `AtVeryVeryEnd' on input line 15.
 ) 
Here is how much of TeX's memory you used:
 10788 strings out of 493324
 152602 string characters out of 3139088
 337602 words of memory out of 3000000
 13415 multiletter control sequences out of 15000+200000
 17391 words of font info for 47 fonts, out of 3000000 for 9000
 1141 hyphenation exceptions out of 8191
 32i,12n,45p,470b,1819s stack positions out of 5000i,500n,10000p,200000b,50000s
 <C:\Users\gillz\AppData\Local\MiKTeX\2.9\fonts\pk\ljfour\jknappen\ec\dpi600\
tcrm1200.pk> <C:\Users\gillz\AppData\Local\MiKTeX\2.9\fonts\pk\ljfour\jknappen\
ec\dpi600\tcrm1000.pk> <C:\Users\gillz\AppData\Local\MiKTeX\2.9\fonts\pk\ljfour
\jknappen\ec\dpi600\ecrm1000.pk> <C:\Users\gillz\AppData\Local\MiKTeX\2.9\fonts
\pk\ljfour\jknappen\ec\dpi600\ecrm1200.pk> <C:\Users\gillz\AppData\Local\MiKTeX
\2.9\fonts\pk\ljfour\jknappen\ec\dpi600\ecbx1200.pk> <C:\Users\gillz\AppData\Lo
cal\MiKTeX\2.9\fonts\pk\ljfour\jknappen\ec\dpi600\ecbx1728.pk> <C:\Users\gillz\
AppData\Local\MiKTeX\2.9\fonts\pk\ljfour\jknappen\ec\dpi600\ecrm1728.pk> <C:\Us
ers\gillz\AppData\Local\MiKTeX\2.9\fonts\pk\ljfour\jknappen\ec\dpi600\ecrm1440.
pk> <C:\Users\gillz\AppData\Local\MiKTeX\2.9\fonts\pk\ljfour\jknappen\ec\dpi600
\ecbx1440.pk> <C:\Users\gillz\AppData\Local\MiKTeX\2.9\fonts\pk\ljfour\jknappen
\ec\dpi600\ecrm2488.pk> <C:\Users\gillz\AppData\Local\MiKTeX\2.9\fonts\pk\ljfou
r\jknappen\ec\dpi600\ecbx2488.pk><C:/Program Files/MiKTeX 2.9/fonts/type1/publi
c/amsfonts/cm/cmmi12.pfb><C:/Program Files/MiKTeX 2.9/fonts/type1/public/amsfon
ts/cm/cmr12.pfb><C:/Program Files/MiKTeX 2.9/fonts/type1/public/amsfonts/cm/cms
y10.pfb>
Output written on MainFile.pdf (50 pages, 1850863 bytes).
PDF statistics:
 2039 PDF objects out of 2073 (max. 8388607)
 683 named destinations out of 1000 (max. 500000)
 1048 words of extra memory for PDF output out of 10000 (max. 10000000)

